RPC       : http://127.0.0.1:8114
tx hash   : 0x1888f04bcdafc6e7f99be773abfcc68f816e92a3367016280aa1cd0268e4fdbc

status    : committed
block     : 16

INPUTS (1) — Cells consumed and now dead
  [0] 0x1bb87da3…5b1bf7 #22  capacity 42,000,000.00000000 CKB

OUTPUTS (2) — new live Cells
  [0] capacity 1,000.00000000 CKB
       lock.args  0x758d311c8483e0602dfad7b69d9053e3f917457d
       type       null
       data       0 bytes
  [1] capacity 41,998,999.99999536 CKB
       lock.args  0x8e42b1999f265a0078503c4acec4d5e134534297
       type       null
       data       0 bytes

CAPACITY ACCOUNTING
  in        42,000,000.00000000 CKB
  out       41,999,999.99999536 CKB
  fee       0.00000464 CKB  (464 shannons)

OTHER FIELDS
  cellDeps  1 — the Scripts this tx needs on chain
            depGroup  0x4d804f14…e76293 #0
  witnesses 1 — where the signature lives
            [0] 85 bytes

WHAT THIS SHOWS
  The sender's original Cell no longer exists. To send 1,000.00000000 CKB,
  the whole input Cell was destroyed and a change Cell of 41,998,999.99999536 CKB
  was created back to the sender. No balance was edited anywhere.
